This is pdfTeX, Version 3.141592653-2.6-1.40.29 (TeX Live 2026) (preloaded format=pdflatex 2026.5.30)  26 JUN 2026 00:40
entering extended mode
 restricted \write18 enabled.
 file:line:error style messages enabled.
 %&-line parsing enabled.
**/Users/nhannguyen/Documents/ITProject/Trello/reports/src/main.tex
(/Users/nhannguyen/Documents/ITProject/Trello/reports/src/main.tex
LaTeX2e <2025-11-01>
L3 programming layer <2026-01-19>
(/usr/local/texlive/2026/texmf-dist/tex/latex/base/article.cls
Document Class: article 2025/01/22 v1.4n Standard LaTeX document class
(/usr/local/texlive/2026/texmf-dist/tex/latex/base/size12.clo
File: size12.clo 2025/01/22 v1.4n Standard LaTeX file (size option)
)
\c@part=\count275
\c@section=\count276
\c@subsection=\count277
\c@subsubsection=\count278
\c@paragraph=\count279
\c@subparagraph=\count280
\c@figure=\count281
\c@table=\count282
\abovecaptionskip=\skip49
\belowcaptionskip=\skip50
\bibindent=\dimen148
) (/usr/local/texlive/2026/texmf-dist/tex/latex/vntex/vietnam.sty
Package: vietnam 2009/07/12 v1.3 support for Vietnamese
 (/usr/local/texlive/2026/texmf-dist/tex/latex/base/ifthen.sty
Package: ifthen 2024/03/16 v1.1e Standard LaTeX ifthen package (DPC)
) (/usr/local/texlive/2026/texmf-dist/tex/latex/base/fontenc.sty
Package: fontenc 2025/07/18 v2.1d Standard LaTeX package
 (/usr/local/texlive/2026/texmf-dist/tex/latex/vntex/t5enc.def
File: t5enc.def 2006/11/21 v1.4 Vietnamese T5 encoding
Now handling font encoding T5 ...
... processing UTF-8 mapping file for font encoding T5
 (/usr/local/texlive/2026/texmf-dist/tex/latex/vntex/t5enc.dfu
File: t5enc.dfu 2006/08/19 v1.1 UTF8 support for Vietnamese
   defining Unicode char U+00AB (decimal 171)
   defining Unicode char U+00BB (decimal 187)
   defining Unicode char U+00C0 (decimal 192)
   defining Unicode char U+00C1 (decimal 193)
   defining Unicode char U+00C2 (decimal 194)
   defining Unicode char U+00C3 (decimal 195)
   defining Unicode char U+00C8 (decimal 200)
   defining Unicode char U+00C9 (decimal 201)
   defining Unicode char U+00CA (decimal 202)
   defining Unicode char U+00CC (decimal 204)
   defining Unicode char U+00CD (decimal 205)
   defining Unicode char U+00D2 (decimal 210)
   defining Unicode char U+00D3 (decimal 211)
   defining Unicode char U+00D4 (decimal 212)
   defining Unicode char U+00D5 (decimal 213)
   defining Unicode char U+00D9 (decimal 217)
   defining Unicode char U+00DA (decimal 218)
   defining Unicode char U+00DD (decimal 221)
   defining Unicode char U+00E0 (decimal 224)
   defining Unicode char U+00E1 (decimal 225)
   defining Unicode char U+00E2 (decimal 226)
   defining Unicode char U+00E3 (decimal 227)
   defining Unicode char U+00E8 (decimal 232)
   defining Unicode char U+00E9 (decimal 233)
   defining Unicode char U+00EA (decimal 234)
   defining Unicode char U+00EC (decimal 236)
   defining Unicode char U+00ED (decimal 237)
   defining Unicode char U+00F2 (decimal 242)
   defining Unicode char U+00F3 (decimal 243)
   defining Unicode char U+00F4 (decimal 244)
   defining Unicode char U+00F5 (decimal 245)
   defining Unicode char U+00F9 (decimal 249)
   defining Unicode char U+00FA (decimal 250)
   defining Unicode char U+00FD (decimal 253)
   defining Unicode char U+0102 (decimal 258)
   defining Unicode char U+0103 (decimal 259)
   defining Unicode char U+0110 (decimal 272)
   defining Unicode char U+0111 (decimal 273)
   defining Unicode char U+0128 (decimal 296)
   defining Unicode char U+0129 (decimal 297)
   defining Unicode char U+0131 (decimal 305)
   defining Unicode char U+0168 (decimal 360)
   defining Unicode char U+0169 (decimal 361)
   defining Unicode char U+01A0 (decimal 416)
   defining Unicode char U+01A1 (decimal 417)
   defining Unicode char U+01AF (decimal 431)
   defining Unicode char U+01B0 (decimal 432)
   defining Unicode char U+1EA0 (decimal 7840)
   defining Unicode char U+1EA1 (decimal 7841)
   defining Unicode char U+1EA2 (decimal 7842)
   defining Unicode char U+1EA3 (decimal 7843)
   defining Unicode char U+1EA4 (decimal 7844)
   defining Unicode char U+1EA5 (decimal 7845)
   defining Unicode char U+1EA6 (decimal 7846)
   defining Unicode char U+1EA7 (decimal 7847)
   defining Unicode char U+1EA8 (decimal 7848)
   defining Unicode char U+1EA9 (decimal 7849)
   defining Unicode char U+1EAA (decimal 7850)
   defining Unicode char U+1EAB (decimal 7851)
   defining Unicode char U+1EAC (decimal 7852)
   defining Unicode char U+1EAD (decimal 7853)
   defining Unicode char U+1EAE (decimal 7854)
   defining Unicode char U+1EAF (decimal 7855)
   defining Unicode char U+1EB0 (decimal 7856)
   defining Unicode char U+1EB1 (decimal 7857)
   defining Unicode char U+1EB2 (decimal 7858)
   defining Unicode char U+1EB3 (decimal 7859)
   defining Unicode char U+1EB4 (decimal 7860)
   defining Unicode char U+1EB5 (decimal 7861)
   defining Unicode char U+1EB6 (decimal 7862)
   defining Unicode char U+1EB7 (decimal 7863)
   defining Unicode char U+1EB8 (decimal 7864)
   defining Unicode char U+1EB9 (decimal 7865)
   defining Unicode char U+1EBA (decimal 7866)
   defining Unicode char U+1EBB (decimal 7867)
   defining Unicode char U+1EBC (decimal 7868)
   defining Unicode char U+1EBD (decimal 7869)
   defining Unicode char U+1EBE (decimal 7870)
   defining Unicode char U+1EBF (decimal 7871)
   defining Unicode char U+1EC0 (decimal 7872)
   defining Unicode char U+1EC1 (decimal 7873)
   defining Unicode char U+1EC2 (decimal 7874)
   defining Unicode char U+1EC3 (decimal 7875)
   defining Unicode char U+1EC4 (decimal 7876)
   defining Unicode char U+1EC5 (decimal 7877)
   defining Unicode char U+1EC6 (decimal 7878)
   defining Unicode char U+1EC7 (decimal 7879)
   defining Unicode char U+1EC8 (decimal 7880)
   defining Unicode char U+1EC9 (decimal 7881)
   defining Unicode char U+1ECA (decimal 7882)
   defining Unicode char U+1ECB (decimal 7883)
   defining Unicode char U+1ECC (decimal 7884)
   defining Unicode char U+1ECD (decimal 7885)
   defining Unicode char U+1ECE (decimal 7886)
   defining Unicode char U+1ECF (decimal 7887)
   defining Unicode char U+1ED0 (decimal 7888)
   defining Unicode char U+1ED1 (decimal 7889)
   defining Unicode char U+1ED2 (decimal 7890)
   defining Unicode char U+1ED3 (decimal 7891)
   defining Unicode char U+1ED4 (decimal 7892)
   defining Unicode char U+1ED5 (decimal 7893)
   defining Unicode char U+1ED6 (decimal 7894)
   defining Unicode char U+1ED7 (decimal 7895)
   defining Unicode char U+1ED8 (decimal 7896)
   defining Unicode char U+1ED9 (decimal 7897)
   defining Unicode char U+1EDA (decimal 7898)
   defining Unicode char U+1EDB (decimal 7899)
   defining Unicode char U+1EDC (decimal 7900)
   defining Unicode char U+1EDD (decimal 7901)
   defining Unicode char U+1EDE (decimal 7902)
   defining Unicode char U+1EDF (decimal 7903)
   defining Unicode char U+1EE0 (decimal 7904)
   defining Unicode char U+1EE1 (decimal 7905)
   defining Unicode char U+1EE2 (decimal 7906)
   defining Unicode char U+1EE3 (decimal 7907)
   defining Unicode char U+1EE4 (decimal 7908)
   defining Unicode char U+1EE5 (decimal 7909)
   defining Unicode char U+1EE6 (decimal 7910)
   defining Unicode char U+1EE7 (decimal 7911)
   defining Unicode char U+1EE8 (decimal 7912)
   defining Unicode char U+1EE9 (decimal 7913)
   defining Unicode char U+1EEA (decimal 7914)
   defining Unicode char U+1EEB (decimal 7915)
   defining Unicode char U+1EEC (decimal 7916)
   defining Unicode char U+1EED (decimal 7917)
   defining Unicode char U+1EEE (decimal 7918)
   defining Unicode char U+1EEF (decimal 7919)
   defining Unicode char U+1EF0 (decimal 7920)
   defining Unicode char U+1EF1 (decimal 7921)
   defining Unicode char U+1EF2 (decimal 7922)
   defining Unicode char U+1EF3 (decimal 7923)
   defining Unicode char U+1EF4 (decimal 7924)
   defining Unicode char U+1EF5 (decimal 7925)
   defining Unicode char U+1EF6 (decimal 7926)
   defining Unicode char U+1EF7 (decimal 7927)
   defining Unicode char U+1EF8 (decimal 7928)
   defining Unicode char U+1EF9 (decimal 7929)
   defining Unicode char U+200C (decimal 8204)
   defining Unicode char U+2013 (decimal 8211)
   defining Unicode char U+2014 (decimal 8212)
   defining Unicode char U+2018 (decimal 8216)
   defining Unicode char U+2019 (decimal 8217)
   defining Unicode char U+201A (decimal 8218)
   defining Unicode char U+201C (decimal 8220)
   defining Unicode char U+201D (decimal 8221)
   defining Unicode char U+201E (decimal 8222)
   defining Unicode char U+2030 (decimal 8240)
   defining Unicode char U+2031 (decimal 8241)
   defining Unicode char U+2039 (decimal 8249)
   defining Unicode char U+203A (decimal 8250)
   defining Unicode char U+2423 (decimal 9251)
))
LaTeX Font Info:    Trying to load font information for T5+cmr on input line 116.
 (/usr/local/texlive/2026/texmf-dist/tex/latex/vntex/t5cmr.fd
File: t5cmr.fd 1999/05/25 v2.5h Standard LaTeX font definitions
)) (/usr/local/texlive/2026/texmf-dist/tex/latex/base/inputenc.sty
Package: inputenc 2024/02/08 v1.3d Input encoding file
\inpenc@prehook=\toks17
\inpenc@posthook=\toks18
) (/usr/local/texlive/2026/texmf-dist/tex/latex/vntex/vncaps.tex
File: vncaps.tex 2006/06/07 v1.1 Captions in Vietnamese
)) (/usr/local/texlive/2026/texmf-dist/tex/latex/base/fontenc.sty
Package: fontenc 2025/07/18 v2.1d Standard LaTeX package
) (/usr/local/texlive/2026/texmf-dist/tex/latex/graphics/graphicx.sty
Package: graphicx 2024/12/31 v1.2e Enhanced LaTeX Graphics (DPC,SPQR)
 (/usr/local/texlive/2026/texmf-dist/tex/latex/graphics/keyval.sty
Package: keyval 2022/05/29 v1.15 key=value parser (DPC)
\KV@toks@=\toks19
) (/usr/local/texlive/2026/texmf-dist/tex/latex/graphics/graphics.sty
Package: graphics 2024/08/06 v1.4g Standard LaTeX Graphics (DPC,SPQR)
 (/usr/local/texlive/2026/texmf-dist/tex/latex/graphics/trig.sty
Package: trig 2023/12/02 v1.11 sin cos tan (DPC)
) (/usr/local/texlive/2026/texmf-dist/tex/latex/graphics-cfg/graphics.cfg
File: graphics.cfg 2016/06/04 v1.11 sample graphics configuration
)
Package graphics Info: Driver file: pdftex.def on input line 106.
 (/usr/local/texlive/2026/texmf-dist/tex/latex/graphics-def/pdftex.def
File: pdftex.def 2025/09/29 v1.2d Graphics/color driver for pdftex
))
\Gin@req@height=\dimen149
\Gin@req@width=\dimen150
) (/usr/local/texlive/2026/texmf-dist/tex/latex/tools/indentfirst.sty
Package: indentfirst 2023/07/02 v1.03 Indent first paragraph (DPC)
) (/usr/local/texlive/2026/texmf-dist/tex/latex/tools/longtable.sty
Package: longtable 2025-10-13 v4.24 Multi-page Table package (DPC)
\LTleft=\skip51
\LTright=\skip52
\LTpre=\skip53
\LTpost=\skip54
\LTchunksize=\count283
\LTcapwidth=\dimen151
\LT@head=\box53
\LT@firsthead=\box54
\LT@foot=\box55
\LT@lastfoot=\box56
\LT@gbox=\box57
\LT@cols=\count284
\LT@rows=\count285
\c@LT@tables=\count286
\c@LT@chunks=\count287
\LT@p@ftn=\toks20
) (/usr/local/texlive/2026/texmf-dist/tex/latex/tools/tabularx.sty
Package: tabularx 2023/12/11 v2.12a `tabularx' package (DPC)
 (/usr/local/texlive/2026/texmf-dist/tex/latex/tools/array.sty
Package: array 2025/09/25 v2.6n Tabular extension package (FMi)
\col@sep=\dimen152
\ar@mcellbox=\box58
\extrarowheight=\dimen153
\NC@list=\toks21
\extratabsurround=\skip55
\backup@length=\skip56
\ar@cellbox=\box59
)
\TX@col@width=\dimen154
\TX@old@table=\dimen155
\TX@old@col=\dimen156
\TX@target=\dimen157
\TX@delta=\dimen158
\TX@cols=\count288
\TX@ftn=\toks22
) (/usr/local/texlive/2026/texmf-dist/tex/latex/xcolor/xcolor.sty
Package: xcolor 2024/09/29 v3.02 LaTeX color extensions (UK)
 (/usr/local/texlive/2026/texmf-dist/tex/latex/graphics-cfg/color.cfg
File: color.cfg 2016/01/02 v1.6 sample color configuration
)
Package xcolor Info: Driver file: pdftex.def on input line 274.
 (/usr/local/texlive/2026/texmf-dist/tex/latex/graphics/mathcolor.ltx)
Package xcolor Info: Model `cmy' substituted by `cmy0' on input line 1349.
Package xcolor Info: Model `hsb' substituted by `rgb' on input line 1353.
Package xcolor Info: Model `RGB' extended on input line 1365.
Package xcolor Info: Model `HTML' substituted by `rgb' on input line 1367.
Package xcolor Info: Model `Hsb' substituted by `hsb' on input line 1368.
Package xcolor Info: Model `tHsb' substituted by `hsb' on input line 1369.
Package xcolor Info: Model `HSB' substituted by `hsb' on input line 1370.
Package xcolor Info: Model `Gray' substituted by `gray' on input line 1371.
Package xcolor Info: Model `wave' substituted by `hsb' on input line 1372.
) (/usr/local/texlive/2026/texmf-dist/tex/latex/colortbl/colortbl.sty
Package: colortbl 2024/10/29 v1.0k Color table columns (DPC)
\everycr=\toks23
\minrowclearance=\skip57
\rownum=\count289
) (/usr/local/texlive/2026/texmf-dist/tex/latex/float/float.sty
Package: float 2001/11/08 v1.3d Float enhancements (AL)
\c@float@type=\count290
\float@exts=\toks24
\float@box=\box60
\@float@everytoks=\toks25
\@floatcapt=\box61
) (/usr/local/texlive/2026/texmf-dist/tex/latex/l3backend/l3backend-pdftex.def
File: l3backend-pdftex.def 2025-10-09 L3 backend support: PDF output (pdfTeX)
\l__color_backend_stack_int=\count291
) (./main.aux)
\openout1 = `main.aux'.

LaTeX Font Info:    Checking defaults for OML/cmm/m/it on input line 11.
LaTeX Font Info:    ... okay on input line 11.
LaTeX Font Info:    Checking defaults for OMS/cmsy/m/n on input line 11.
LaTeX Font Info:    ... okay on input line 11.
LaTeX Font Info:    Checking defaults for OT1/cmr/m/n on input line 11.
LaTeX Font Info:    ... okay on input line 11.
LaTeX Font Info:    Checking defaults for T1/cmr/m/n on input line 11.
LaTeX Font Info:    ... okay on input line 11.
LaTeX Font Info:    Checking defaults for TS1/cmr/m/n on input line 11.
LaTeX Font Info:    ... okay on input line 11.
LaTeX Font Info:    Checking defaults for OMX/cmex/m/n on input line 11.
LaTeX Font Info:    ... okay on input line 11.
LaTeX Font Info:    Checking defaults for U/cmr/m/n on input line 11.
LaTeX Font Info:    ... okay on input line 11.
LaTeX Font Info:    Checking defaults for T5/cmr/m/n on input line 11.
LaTeX Font Info:    ... okay on input line 11.
 (/usr/local/texlive/2026/texmf-dist/tex/context/base/mkii/supp-pdf.mkii
[Loading MPS to PDF converter (version 2006.09.02).]
\scratchcounter=\count292
\scratchdimen=\dimen159
\scratchbox=\box62
\nofMPsegments=\count293
\nofMParguments=\count294
\everyMPshowfont=\toks26
\MPscratchCnt=\count295
\MPscratchDim=\dimen160
\MPnumerator=\count296
\makeMPintoPDFobject=\count297
\everyMPtoPDFconversion=\toks27
) (/usr/local/texlive/2026/texmf-dist/tex/latex/epstopdf-pkg/epstopdf-base.sty
Package: epstopdf-base 2020-01-24 v2.11 Base part for package epstopdf
Package epstopdf-base Info: Redefining graphics rule for `.eps' on input line 485.
 (/usr/local/texlive/2026/texmf-dist/tex/latex/latexconfig/epstopdf-sys.cfg
File: epstopdf-sys.cfg 2010/07/13 v1.3 Configuration of (r)epstopdf for TeX Live
)) (./cover.tex
<images/base/logo.png, id=1, 354.32375pt x 143.53625pt>
File: images/base/logo.png Graphic file (type png)
<use images/base/logo.png>
Package pdftex.def Info: images/base/logo.png  used on input line 13.
(pdftex.def)             Requested size: 312.00119pt x 126.39331pt.
LaTeX Font Info:    External font `cmex10' loaded for size
(Font)              <12> on input line 20.
LaTeX Font Info:    External font `cmex10' loaded for size
(Font)              <8> on input line 20.
LaTeX Font Info:    External font `cmex10' loaded for size
(Font)              <6> on input line 20.
 [1

{/usr/local/texlive/2026/texmf-var/fonts/map/pdftex/updmap/pdftex.map} <./images/base/logo.png>]) (./main.toc [1

])
\tf@toc=\write3
\openout3 = `main.toc'.

 [2] (./main.lof
Overfull \hbox (5.30913pt too wide) in paragraph at lines 26--26
 [][] []\T5/cmr/m/n/12 Bi∫u ^^_Á ho§t ^^_Îng UC-03.5: Xem danh s°ch th†nh vi∂n Workspace [][]  
 []

[3

])
\tf@lof=\write4
\openout4 = `main.lof'.

 [4] (./main.lot
LaTeX Font Info:    Trying to load font information for T5+cmtt on input line 9.
 (/usr/local/texlive/2026/texmf-dist/tex/latex/vntex/t5cmtt.fd
File: t5cmtt.fd 1999/05/25 v2.5h Standard LaTeX font definitions
))
\tf@lot=\write5
\openout5 = `main.lot'.

 [5

] (./thanks.tex [6


]) (./content.tex [7

{/usr/local/texlive/2026/texmf-dist/fonts/enc/dvips/cm-super/cm-super-ts1.enc}] [8] [9] [10] [11

]
<./images/chap2/React.jpg, id=46, 1204.5pt x 677.53125pt>
File: ./images/chap2/React.jpg Graphic file (type jpg)
<use ./images/chap2/React.jpg>
Package pdftex.def Info: ./images/chap2/React.jpg  used on input line 94.
(pdftex.def)             Requested size: 195.0pt x 109.67882pt.
 [12]
<./images/chap2/SpringBoot.jpg, id=51, 803.0pt x 445.665pt>
File: ./images/chap2/SpringBoot.jpg Graphic file (type jpg)
<use ./images/chap2/SpringBoot.jpg>
Package pdftex.def Info: ./images/chap2/SpringBoot.jpg  used on input line 109.
(pdftex.def)             Requested size: 195.0pt x 108.22664pt.
 [13 <./images/chap2/React.jpg>]
<./images/chap2/PostgreSQL.png, id=55, 1284.8pt x 722.7pt>
File: ./images/chap2/PostgreSQL.png Graphic file (type png)
<use ./images/chap2/PostgreSQL.png>
Package pdftex.def Info: ./images/chap2/PostgreSQL.png  used on input line 124.
(pdftex.def)             Requested size: 195.0pt x 109.6795pt.
 [14 <./images/chap2/SpringBoot.jpg>]
Underfull \hbox (badness 10000) in paragraph at lines 132--133

 []

[15 <./images/chap2/PostgreSQL.png (PNG copy)>] [16] [17]
<./images/chap2/Docker.png, id=68, 1005.49565pt x 844.45924pt>
File: ./images/chap2/Docker.png Graphic file (type png)
<use ./images/chap2/Docker.png>
Package pdftex.def Info: ./images/chap2/Docker.png  used on input line 195.
(pdftex.def)             Requested size: 195.0pt x 163.76047pt.
 [18]
<./images/chap2/Nginx.jpg, id=74, 1505.625pt x 725.71124pt>
File: ./images/chap2/Nginx.jpg Graphic file (type jpg)
<use ./images/chap2/Nginx.jpg>
Package pdftex.def Info: ./images/chap2/Nginx.jpg  used on input line 208.
(pdftex.def)             Requested size: 195.0pt x 93.98035pt.
 [19 <./images/chap2/Docker.png> <./images/chap2/Nginx.jpg>] [20]
Underfull \hbox (badness 10000) in paragraph at lines 224--225

 []


Underfull \hbox (badness 1117) in paragraph at lines 244--244
[]|\T5/cmr/m/n/12 L†m mÓi phi∂n l†m
 []


Underfull \hbox (badness 1603) in paragraph at lines 248--248
[]|\T5/cmr/m/n/12 C™p nh™t hÁ sÏ c°
 []


Overfull \hbox (45.93854pt too wide) in paragraph at lines 232--251
 [][] 
 []


Underfull \hbox (badness 10000) in paragraph at lines 265--265
[]|\T5/cmr/m/n/12 Xem danh s°ch
 []


Underfull \hbox (badness 2875) in paragraph at lines 267--268
[]|\T5/cmr/m/n/12 Ng˜Ìi dÚng chønh s˚a t∂n, mÊ t£ cıa
 []


Underfull \hbox (badness 1158) in paragraph at lines 269--269
[]|\T5/cmr/m/n/12 Qu£n l˛ th†nh vi∂n
 []


Underfull \hbox (badness 1221) in paragraph at lines 271--272
[]|\T5/cmr/m/n/12 Ng˜Ìi dÚng (chı s h˙u) x‚a vænh viπn
 []


Overfull \hbox (45.93854pt too wide) in paragraph at lines 259--274
 [][] 
 []

[21

]
Underfull \hbox (badness 1158) in paragraph at lines 292--292
[]|\T5/cmr/m/n/12 Qu£n l˛ th†nh vi∂n
 []


Overfull \hbox (45.93854pt too wide) in paragraph at lines 282--297
 [][] 
 []


Overfull \hbox (45.93854pt too wide) in paragraph at lines 305--316
 [][] 
 []


Overfull \hbox (45.93854pt too wide) in paragraph at lines 324--339
 [][] 
 []

[22]
Underfull \hbox (badness 2707) in paragraph at lines 353--353
[]|\T5/cmr/m/n/12 K≤o th£ List trong
 []


Overfull \hbox (45.93854pt too wide) in paragraph at lines 347--356
 [][] 
 []


Overfull \hbox (45.93854pt too wide) in paragraph at lines 364--377
 [][] 
 []


Underfull \hbox (badness 10000) in paragraph at lines 383--384

 []

[23]
Underfull \hbox (badness 10000) in paragraph at lines 395--396

 []

[24]
<images/chap3/usecase_overview.png, id=95, 348.30125pt x 654.445pt>
File: images/chap3/usecase_overview.png Graphic file (type png)
<use images/chap3/usecase_overview.png>
Package pdftex.def Info: images/chap3/usecase_overview.png  used on input line 413.
(pdftex.def)             Requested size: 292.5pt x 549.62021pt.
 [25]
Underfull \hbox (badness 10000) in paragraph at lines 418--419

 []

[26 <./images/chap3/usecase_overview.png>]
Underfull \hbox (badness 10000) in paragraph at lines 438--439

 []


Overfull \hbox (33.53854pt too wide) in paragraph at lines 442--519
 [][] 
 []

[27]
<images/chap3/usecase_uc01.png, id=106, 576.1525pt x 390.45876pt>
File: images/chap3/usecase_uc01.png Graphic file (type png)
<use images/chap3/usecase_uc01.png>
Package pdftex.def Info: images/chap3/usecase_uc01.png  used on input line 529.
(pdftex.def)             Requested size: 390.0pt x 264.3109pt.
 [28]
Overfull \hbox (33.53856pt too wide) in paragraph at lines 535--554
[] 
 []

[29 <./images/chap3/usecase_uc01.png>]
Overfull \hbox (33.53856pt too wide) in paragraph at lines 556--575
[] 
 []


Overfull \hbox (33.53856pt too wide) in paragraph at lines 577--596
[] 
 []

[30]
Overfull \hbox (33.53856pt too wide) in paragraph at lines 598--617
[] 
 []

[31]
Overfull \hbox (33.53856pt too wide) in paragraph at lines 619--638
[] 
 []

[32]
<images/chap3/usecase_uc02.png, id=124, 580.1675pt x 175.65625pt>
File: images/chap3/usecase_uc02.png Graphic file (type png)
<use images/chap3/usecase_uc02.png>
Package pdftex.def Info: images/chap3/usecase_uc02.png  used on input line 645.
(pdftex.def)             Requested size: 390.0pt x 118.08038pt.

Overfull \hbox (33.53856pt too wide) in paragraph at lines 651--670
[] 
 []

[33 <./images/chap3/usecase_uc02.png>]
Overfull \hbox (33.53856pt too wide) in paragraph at lines 672--691
[] 
 []

<images/chap3/usecase_uc03.png, id=129, 921.4425pt x 457.71pt>
File: images/chap3/usecase_uc03.png Graphic file (type png)
<use images/chap3/usecase_uc03.png>
Package pdftex.def Info: images/chap3/usecase_uc03.png  used on input line 698.
(pdftex.def)             Requested size: 390.0pt x 193.7245pt.
[34]
Overfull \hbox (33.53856pt too wide) in paragraph at lines 704--723
[] 
 []


Overfull \hbox (33.53856pt too wide) in paragraph at lines 725--744
[] 
 []

[35 <./images/chap3/usecase_uc03.png>]
Overfull \hbox (33.53856pt too wide) in paragraph at lines 746--765
[] 
 []


Underfull \hbox (badness 1762) in paragraph at lines 781--782
[]|\T5/cmr/m/n/12 1. Ng˜Ìi dÚng truy c™p trang qu£n l˛ th†nh vi∂n
 []


Underfull \hbox (badness 6978) in paragraph at lines 781--782
\T5/cmr/m/n/12 4. Hª thËng gÂi API POST /api/v1/workspaces-
 []


Overfull \hbox (33.53856pt too wide) in paragraph at lines 767--786
[] 
 []

[36]
Underfull \hbox (badness 10000) in paragraph at lines 802--803
\T5/cmr/m/n/12 2. Hª thËng gÂi API GET
 []


Overfull \hbox (33.53856pt too wide) in paragraph at lines 788--807
[] 
 []

[37]
<images/chap3/usecase_uc04.png, id=144, 566.115pt x 426.59375pt>
File: images/chap3/usecase_uc04.png Graphic file (type png)
<use images/chap3/usecase_uc04.png>
Package pdftex.def Info: images/chap3/usecase_uc04.png  used on input line 814.
(pdftex.def)             Requested size: 390.0pt x 293.88783pt.
 [38]
Underfull \hbox (badness 6792) in paragraph at lines 834--835
\T5/cmr/m/n/12 4. Hª thËng gÂi API POST /api/v1/boards vÓi
 []


Overfull \hbox (33.53856pt too wide) in paragraph at lines 820--839
[] 
 []

[39 <./images/chap3/usecase_uc04.png>]
Overfull \hbox (33.53856pt too wide) in paragraph at lines 841--860
[] 
 []


Overfull \hbox (33.53856pt too wide) in paragraph at lines 862--881
[] 
 []

[40]
Overfull \hbox (33.53856pt too wide) in paragraph at lines 883--902
[] 
 []


Overfull \hbox (33.53856pt too wide) in paragraph at lines 904--923
[] 
 []

[41]
<images/chap3/usecase_uc05.png, id=158, 496.85625pt x 302.12875pt>
File: images/chap3/usecase_uc05.png Graphic file (type png)
<use images/chap3/usecase_uc05.png>
Package pdftex.def Info: images/chap3/usecase_uc05.png  used on input line 930.
(pdftex.def)             Requested size: 390.0pt x 237.15314pt.
 [42]
Overfull \hbox (33.53856pt too wide) in paragraph at lines 936--955
[] 
 []


Overfull \hbox (33.53856pt too wide) in paragraph at lines 957--976
[] 
 []

[43 <./images/chap3/usecase_uc05.png>]
Overfull \hbox (33.53856pt too wide) in paragraph at lines 978--997
[] 
 []


Overfull \hbox (33.53856pt too wide) in paragraph at lines 999--1018
[] 
 []

[44]
<images/chap3/usecase_uc06.png, id=170, 524.96124pt x 526.96875pt>
File: images/chap3/usecase_uc06.png Graphic file (type png)
<use images/chap3/usecase_uc06.png>
Package pdftex.def Info: images/chap3/usecase_uc06.png  used on input line 1025.
(pdftex.def)             Requested size: 390.0pt x 391.50266pt.
 [45]
Overfull \hbox (33.53856pt too wide) in paragraph at lines 1031--1050
[] 
 []

[46 <./images/chap3/usecase_uc06.png>]
Overfull \hbox (33.53856pt too wide) in paragraph at lines 1052--1071
[] 
 []


Overfull \hbox (33.53856pt too wide) in paragraph at lines 1073--1092
[] 
 []

[47]
Overfull \hbox (33.53856pt too wide) in paragraph at lines 1094--1113
[] 
 []


Overfull \hbox (33.53856pt too wide) in paragraph at lines 1115--1134
[] 
 []

[48]
Overfull \hbox (33.53856pt too wide) in paragraph at lines 1136--1155
[] 
 []

<images/chap3/usecase_uc07.png, id=185, 601.24625pt x 570.13pt>
File: images/chap3/usecase_uc07.png Graphic file (type png)
<use images/chap3/usecase_uc07.png>
Package pdftex.def Info: images/chap3/usecase_uc07.png  used on input line 1162.
(pdftex.def)             Requested size: 390.0pt x 369.83195pt.
[49]
Overfull \hbox (33.53856pt too wide) in paragraph at lines 1168--1187
[] 
 []

[50 <./images/chap3/usecase_uc07.png>]
Overfull \hbox (33.53856pt too wide) in paragraph at lines 1189--1208
[] 
 []


Overfull \hbox (33.53856pt too wide) in paragraph at lines 1210--1229
[] 
 []

[51]
Overfull \hbox (33.53856pt too wide) in paragraph at lines 1231--1250
[] 
 []


Overfull \hbox (33.53856pt too wide) in paragraph at lines 1252--1271
[] 
 []

[52]
Overfull \hbox (33.53856pt too wide) in paragraph at lines 1273--1292
[] 
 []


Overfull \hbox (33.53856pt too wide) in paragraph at lines 1294--1313
[] 
 []

[53]
<images/chap3/usecase_uc08.png, id=203, 511.9125pt x 175.65625pt>
File: images/chap3/usecase_uc08.png Graphic file (type png)
<use images/chap3/usecase_uc08.png>
Package pdftex.def Info: images/chap3/usecase_uc08.png  used on input line 1320.
(pdftex.def)             Requested size: 390.0pt x 133.82443pt.

Overfull \hbox (33.53856pt too wide) in paragraph at lines 1326--1345
[] 
 []

[54 <./images/chap3/usecase_uc08.png>]
Overfull \hbox (33.53856pt too wide) in paragraph at lines 1347--1366
[] 
 []

[55]
Underfull \hbox (badness 10000) in paragraph at lines 1377--1378

 []

<images/chap3/activity_uc01_1.png, id=212, 549.05125pt x 571.13374pt>
File: images/chap3/activity_uc01_1.png Graphic file (type png)
<use images/chap3/activity_uc01_1.png>
Package pdftex.def Info: images/chap3/activity_uc01_1.png  used on input line 1387.
(pdftex.def)             Requested size: 390.00505pt x 405.69081pt.
[56]
<images/chap3/activity_uc01_2.png, id=216, 692.5875pt x 515.9275pt>
File: images/chap3/activity_uc01_2.png Graphic file (type png)
<use images/chap3/activity_uc01_2.png>
Package pdftex.def Info: images/chap3/activity_uc01_2.png  used on input line 1398.
(pdftex.def)             Requested size: 390.01279pt x 290.53127pt.
 [57 <./images/chap3/activity_uc01_1.png>]
<images/chap3/activity_uc01_3.png, id=221, 515.9275pt x 515.9275pt>
File: images/chap3/activity_uc01_3.png Graphic file (type png)
<use images/chap3/activity_uc01_3.png>
Package pdftex.def Info: images/chap3/activity_uc01_3.png  used on input line 1409.
(pdftex.def)             Requested size: 390.01491pt x 390.01491pt.
 [58 <./images/chap3/activity_uc01_2.png>]
<images/chap3/activity_uc01_4.png, id=226, 548.0475pt x 571.13374pt>
File: images/chap3/activity_uc01_4.png Graphic file (type png)
<use images/chap3/activity_uc01_4.png>
Package pdftex.def Info: images/chap3/activity_uc01_4.png  used on input line 1420.
(pdftex.def)             Requested size: 390.00287pt x 406.43156pt.
 [59 <./images/chap3/activity_uc01_3.png>]
<images/chap3/activity_uc01_5.png, id=231, 509.905pt x 515.9275pt>
File: images/chap3/activity_uc01_5.png Graphic file (type png)
<use images/chap3/activity_uc01_5.png>
Package pdftex.def Info: images/chap3/activity_uc01_5.png  used on input line 1431.
(pdftex.def)             Requested size: 390.02159pt x 394.62814pt.
 [60 <./images/chap3/activity_uc01_4.png>]
Underfull \hbox (badness 10000) in paragraph at lines 1438--1439

 []

<images/chap3/activity_uc02_1.png, id=237, 560.0925pt x 490.83376pt>
File: images/chap3/activity_uc02_1.png Graphic file (type png)
<use images/chap3/activity_uc02_1.png>
Package pdftex.def Info: images/chap3/activity_uc02_1.png  used on input line 1448.
(pdftex.def)             Requested size: 390.0195pt x 341.79129pt.
[61 <./images/chap3/activity_uc01_5.png>]
<images/chap3/activity_uc02_2.png, id=242, 552.0625pt x 672.5125pt>
File: images/chap3/activity_uc02_2.png Graphic file (type png)
<use images/chap3/activity_uc02_2.png>
Package pdftex.def Info: images/chap3/activity_uc02_2.png  used on input line 1459.
(pdftex.def)             Requested size: 390.01279pt x 475.10649pt.
 [62 <./images/chap3/activity_uc02_1.png>]
Underfull \hbox (badness 10000) in paragraph at lines 1466--1467

 []

[63 <./images/chap3/activity_uc02_2.png>]
<images/chap3/activity_uc03_1.png, id=251, 581.17125pt x 627.34375pt>
File: images/chap3/activity_uc03_1.png Graphic file (type png)
<use images/chap3/activity_uc03_1.png>
Package pdftex.def Info: images/chap3/activity_uc03_1.png  used on input line 1476.
(pdftex.def)             Requested size: 390.00346pt x 420.9882pt.
<images/chap3/activity_uc03_2.png, id=252, 552.0625pt x 435.6275pt>
File: images/chap3/activity_uc03_2.png Graphic file (type png)
<use images/chap3/activity_uc03_2.png>
Package pdftex.def Info: images/chap3/activity_uc03_2.png  used on input line 1487.
(pdftex.def)             Requested size: 390.01279pt x 307.75555pt.
 [64 <./images/chap3/activity_uc03_1.png>]
<images/chap3/activity_uc03_3.png, id=257, 715.67375pt x 420.57124pt>
File: images/chap3/activity_uc03_3.png Graphic file (type png)
<use images/chap3/activity_uc03_3.png>
Package pdftex.def Info: images/chap3/activity_uc03_3.png  used on input line 1498.
(pdftex.def)             Requested size: 390.00716pt x 229.19073pt.
 [65 <./images/chap3/activity_uc03_2.png>]
<images/chap3/activity_uc03_4.png, id=262, 705.63625pt x 571.13374pt>
File: images/chap3/activity_uc03_4.png Graphic file (type png)
<use images/chap3/activity_uc03_4.png>
Package pdftex.def Info: images/chap3/activity_uc03_4.png  used on input line 1509.
(pdftex.def)             Requested size: 389.99615pt x 315.65834pt.
 [66 <./images/chap3/activity_uc03_3.png>]
<images/chap3/activity_uc03_5.png, id=268, 555.07375pt x 435.6275pt>
File: images/chap3/activity_uc03_5.png Graphic file (type png)
<use images/chap3/activity_uc03_5.png>
Package pdftex.def Info: images/chap3/activity_uc03_5.png  used on input line 1520.
(pdftex.def)             Requested size: 390.00575pt x 306.08047pt.
 [67 <./images/chap3/activity_uc03_4.png>]
Underfull \hbox (badness 10000) in paragraph at lines 1527--1528

 []

<images/chap3/activity_uc04_1.png, id=273, 605.26125pt x 657.45625pt>
File: images/chap3/activity_uc04_1.png Graphic file (type png)
<use images/chap3/activity_uc04_1.png>
Package pdftex.def Info: images/chap3/activity_uc04_1.png  used on input line 1537.
(pdftex.def)             Requested size: 389.99799pt x 423.62967pt.
[68 <./images/chap3/activity_uc03_5.png>]
<images/chap3/activity_uc04_2.png, id=278, 609.27625pt x 435.6275pt>
File: images/chap3/activity_uc04_2.png Graphic file (type png)
<use images/chap3/activity_uc04_2.png>
Package pdftex.def Info: images/chap3/activity_uc04_2.png  used on input line 1548.
(pdftex.def)             Requested size: 390.00984pt x 278.85382pt.
 [69 <./images/chap3/activity_uc04_1.png>]
<images/chap3/activity_uc04_3.png, id=283, 485.815pt x 530.98375pt>
File: images/chap3/activity_uc04_3.png Graphic file (type png)
<use images/chap3/activity_uc04_3.png>
Package pdftex.def Info: images/chap3/activity_uc04_3.png  used on input line 1559.
(pdftex.def)             Requested size: 389.99426pt x 426.25406pt.
 [70 <./images/chap3/activity_uc04_2.png>]
<images/chap3/activity_uc04_4.png, id=288, 600.2425pt x 530.98375pt>
File: images/chap3/activity_uc04_4.png Graphic file (type png)
<use images/chap3/activity_uc04_4.png>
Package pdftex.def Info: images/chap3/activity_uc04_4.png  used on input line 1570.
(pdftex.def)             Requested size: 390.00645pt x 345.0057pt.
 [71 <./images/chap3/activity_uc04_3.png>]
<images/chap3/activity_uc04_5.png, id=293, 533.995pt x 642.4pt>
File: images/chap3/activity_uc04_5.png Graphic file (type png)
<use images/chap3/activity_uc04_5.png>
Package pdftex.def Info: images/chap3/activity_uc04_5.png  used on input line 1581.
(pdftex.def)             Requested size: 390.01682pt x 469.19316pt.
 [72 <./images/chap3/activity_uc04_4.png>]
Underfull \hbox (badness 10000) in paragraph at lines 1588--1589

 []

[73 <./images/chap3/activity_uc04_5.png>]
<images/chap3/activity_uc05_1.png, id=303, 481.8pt x 530.98375pt>
File: images/chap3/activity_uc05_1.png Graphic file (type png)
<use images/chap3/activity_uc05_1.png>
Package pdftex.def Info: images/chap3/activity_uc05_1.png  used on input line 1598.
(pdftex.def)             Requested size: 390.01324pt x 429.8271pt.
<images/chap3/activity_uc05_2.png, id=304, 462.72874pt x 475.7775pt>
File: images/chap3/activity_uc05_2.png Graphic file (type png)
<use images/chap3/activity_uc05_2.png>
Package pdftex.def Info: images/chap3/activity_uc05_2.png  used on input line 1609.
(pdftex.def)             Requested size: 390.00278pt x 401.00067pt.
 [74 <./images/chap3/activity_uc05_1.png>]
<images/chap3/activity_uc05_3.png, id=309, 542.025pt x 530.98375pt>
File: images/chap3/activity_uc05_3.png Graphic file (type png)
<use images/chap3/activity_uc05_3.png>
Package pdftex.def Info: images/chap3/activity_uc05_3.png  used on input line 1620.
(pdftex.def)             Requested size: 390.00958pt x 382.06493pt.
 [75 <./images/chap3/activity_uc05_2.png>]
<images/chap3/activity_uc05_4.png, id=314, 518.93875pt x 601.24625pt>
File: images/chap3/activity_uc05_4.png Graphic file (type png)
<use images/chap3/activity_uc05_4.png>
Package pdftex.def Info: images/chap3/activity_uc05_4.png  used on input line 1631.
(pdftex.def)             Requested size: 390.01869pt x 451.87851pt.
 [76 <./images/chap3/activity_uc05_3.png>]
Underfull \hbox (badness 10000) in paragraph at lines 1638--1639

 []

[77 <./images/chap3/activity_uc05_4.png>]
<images/chap3/activity_uc06_1.png, id=323, 459.7175pt x 530.98375pt>
File: images/chap3/activity_uc06_1.png Graphic file (type png)
<use images/chap3/activity_uc06_1.png>
Package pdftex.def Info: images/chap3/activity_uc06_1.png  used on input line 1648.
(pdftex.def)             Requested size: 390.01816pt x 450.47948pt.
<images/chap3/activity_uc06_2.png, id=324, 688.5725pt x 420.57124pt>
File: images/chap3/activity_uc06_2.png Graphic file (type png)
<use images/chap3/activity_uc06_2.png>
Package pdftex.def Info: images/chap3/activity_uc06_2.png  used on input line 1659.
(pdftex.def)             Requested size: 390.00029pt x 238.20718pt.
 [78 <./images/chap3/activity_uc06_1.png>]
<images/chap3/activity_uc06_3.png, id=330, 485.815pt x 571.13374pt>
File: images/chap3/activity_uc06_3.png Graphic file (type png)
<use images/chap3/activity_uc06_3.png>
Package pdftex.def Info: images/chap3/activity_uc06_3.png  used on input line 1670.
(pdftex.def)             Requested size: 389.99426pt x 458.485pt.
 [79 <./images/chap3/activity_uc06_2.png>]
<images/chap3/activity_uc06_4.png, id=335, 492.84125pt x 460.72125pt>
File: images/chap3/activity_uc06_4.png Graphic file (type png)
<use images/chap3/activity_uc06_4.png>
Package pdftex.def Info: images/chap3/activity_uc06_4.png  used on input line 1681.
(pdftex.def)             Requested size: 390.01712pt x 364.5985pt.
 [80 <./images/chap3/activity_uc06_3.png>]
<images/chap3/activity_uc06_5.png, id=340, 507.8975pt x 601.24625pt>
File: images/chap3/activity_uc06_5.png Graphic file (type png)
<use images/chap3/activity_uc06_5.png>
Package pdftex.def Info: images/chap3/activity_uc06_5.png  used on input line 1692.
(pdftex.def)             Requested size: 390.0128pt x 461.69498pt.
 [81 <./images/chap3/activity_uc06_4.png>]
<images/chap3/activity_uc06_6.png, id=345, 600.2425pt x 530.98375pt>
File: images/chap3/activity_uc06_6.png Graphic file (type png)
<use images/chap3/activity_uc06_6.png>
Package pdftex.def Info: images/chap3/activity_uc06_6.png  used on input line 1703.
(pdftex.def)             Requested size: 390.00645pt x 345.0057pt.
 [82 <./images/chap3/activity_uc06_5.png>]
Underfull \hbox (badness 10000) in paragraph at lines 1710--1711

 []

<images/chap3/activity_uc07_1.png, id=350, 464.73625pt x 530.98375pt>
File: images/chap3/activity_uc07_1.png Graphic file (type png)
<use images/chap3/activity_uc07_1.png>
Package pdftex.def Info: images/chap3/activity_uc07_1.png  used on input line 1720.
(pdftex.def)             Requested size: 390.00703pt x 445.60199pt.
[83 <./images/chap3/activity_uc06_6.png>]
<images/chap3/activity_uc07_2.png, id=355, 498.86375pt x 530.98375pt>
File: images/chap3/activity_uc07_2.png Graphic file (type png)
<use images/chap3/activity_uc07_2.png>
Package pdftex.def Info: images/chap3/activity_uc07_2.png  used on input line 1731.
(pdftex.def)             Requested size: 390.01038pt x 415.1217pt.
 [84 <./images/chap3/activity_uc07_1.png>]
<images/chap3/activity_uc07_3.png, id=361, 472.76625pt x 530.98375pt>
File: images/chap3/activity_uc07_3.png Graphic file (type png)
<use images/chap3/activity_uc07_3.png>
Package pdftex.def Info: images/chap3/activity_uc07_3.png  used on input line 1742.
(pdftex.def)             Requested size: 390.0081pt x 438.03458pt.
 [85 <./images/chap3/activity_uc07_2.png>]
<images/chap3/activity_uc07_4.png, id=366, 500.87125pt x 586.19pt>
File: images/chap3/activity_uc07_4.png Graphic file (type png)
<use images/chap3/activity_uc07_4.png>
Package pdftex.def Info: images/chap3/activity_uc07_4.png  used on input line 1753.
(pdftex.def)             Requested size: 390.01308pt x 456.44818pt.
 [86 <./images/chap3/activity_uc07_3.png>]
<images/chap3/activity_uc07_5.png, id=371, 533.995pt x 500.87125pt>
File: images/chap3/activity_uc07_5.png Graphic file (type png)
<use images/chap3/activity_uc07_5.png>
Package pdftex.def Info: images/chap3/activity_uc07_5.png  used on input line 1764.
(pdftex.def)             Requested size: 390.01682pt x 365.82402pt.
 [87 <./images/chap3/activity_uc07_4.png>]
Overfull \hbox (22.48674pt too wide) in paragraph at lines 1771--1772
[]\T5/cmr/m/n/12 Ng˜Ìi dÚng tick check-box cıa Item; hª thËng c™p nh™t tr§ng th°i \T5/cmtt/m/n/12 isCompleted
 []

<images/chap3/activity_uc07_6.png, id=376, 510.90875pt x 571.13374pt>
File: images/chap3/activity_uc07_6.png Graphic file (type png)
<use images/chap3/activity_uc07_6.png>
Package pdftex.def Info: images/chap3/activity_uc07_6.png  used on input line 1775.
(pdftex.def)             Requested size: 389.99417pt x 435.96599pt.
[88 <./images/chap3/activity_uc07_5.png>]
<images/chap3/activity_uc07_7.png, id=381, 478.78876pt x 586.19pt>
File: images/chap3/activity_uc07_7.png Graphic file (type png)
<use images/chap3/activity_uc07_7.png>
Package pdftex.def Info: images/chap3/activity_uc07_7.png  used on input line 1786.
(pdftex.def)             Requested size: 390.00117pt x 477.48572pt.
 [89 <./images/chap3/activity_uc07_6.png>]
Underfull \hbox (badness 10000) in paragraph at lines 1793--1794

 []

[90 <./images/chap3/activity_uc07_7.png>]
<images/chap3/activity_uc08_1.png, id=391, 734.745pt x 674.52pt>
File: images/chap3/activity_uc08_1.png Graphic file (type png)
<use images/chap3/activity_uc08_1.png>
Package pdftex.def Info: images/chap3/activity_uc08_1.png  used on input line 1803.
(pdftex.def)             Requested size: 390.00719pt x 358.0394pt.
<images/chap3/activity_uc08_2.png, id=392, 555.07375pt x 556.0775pt>
File: images/chap3/activity_uc08_2.png Graphic file (type png)
<use images/chap3/activity_uc08_2.png>
Package pdftex.def Info: images/chap3/activity_uc08_2.png  used on input line 1814.
(pdftex.def)             Requested size: 390.00575pt x 390.71103pt.
 [91 <./images/chap3/activity_uc08_1.png>]
Underfull \hbox (badness 10000) in paragraph at lines 1821--1822

 []

[92 <./images/chap3/activity_uc08_2.png>]
Underfull \hbox (badness 10000) in paragraph at lines 1835--1836

 []


Overfull \hbox (6.18936pt too wide) in paragraph at lines 1841--1842
[]\T5/cmr/m/n/12 MÎt \T5/cmr/bx/n/12 List \T5/cmr/m/n/12 ch˘a nhi∑u \T5/cmr/bx/n/12 Card\T5/cmr/m/n/12 ; c°c Card ^^_˜Òc s≠p x∏p theo th˘ t¸ \T5/cmtt/m/n/12 position\T5/cmr/m/n/12 . 
 []

[93]
Underfull \hbox (badness 10000) in paragraph at lines 1852--1853

 []

<images/chap3/component_system.png, id=404, 1148.29pt x 515.9275pt>
File: images/chap3/component_system.png Graphic file (type png)
<use images/chap3/component_system.png>
Package pdftex.def Info: images/chap3/component_system.png  used on input line 1871.
(pdftex.def)             Requested size: 389.99292pt x 175.22409pt.
[94]
Underfull \hbox (badness 10000) in paragraph at lines 1876--1877

 []

<./images/chap2/Nello System Architech.png, id=408, 1703.36375pt x 930.47626pt>
File: ./images/chap2/Nello System Architech.png Graphic file (type png)
<use ./images/chap2/Nello System Architech.png>
Package pdftex.def Info: ./images/chap2/Nello System Architech.png  used on input line 1896.
(pdftex.def)             Requested size: 390.0pt x 213.03958pt.
[95 <./images/chap3/component_system.png (PNG copy)>]
Underfull \hbox (badness 10000) in paragraph at lines 1909--1910

 []

<images/chap3/sequence_sd01.png, id=413, 623.32875pt x 977.6525pt>
File: images/chap3/sequence_sd01.png Graphic file (type png)
<use images/chap3/sequence_sd01.png>
Package pdftex.def Info: images/chap3/sequence_sd01.png  used on input line 1915.
(pdftex.def)             Requested size: 320.83241pt x 503.20576pt.
[96 <./images/chap2/Nello System Architech.png (PNG copy)>]
Underfull \hbox (badness 10000) in paragraph at lines 1922--1923

 []

[97 <./images/chap3/sequence_sd01.png>]
<images/chap3/sequence_sd02.png, id=422, 706.64pt x 788.9475pt>
File: images/chap3/sequence_sd02.png Graphic file (type png)
<use images/chap3/sequence_sd02.png>
Package pdftex.def Info: images/chap3/sequence_sd02.png  used on input line 1928.
(pdftex.def)             Requested size: 390.001pt x 435.42725pt.

Underfull \hbox (badness 10000) in paragraph at lines 1935--1936

 []

[98 <./images/chap3/sequence_sd02.png>]
<images/chap3/sequence_sd03.png, id=427, 603.25375pt x 573.14125pt>
File: images/chap3/sequence_sd03.png Graphic file (type png)
<use images/chap3/sequence_sd03.png>
Package pdftex.def Info: images/chap3/sequence_sd03.png  used on input line 1941.
(pdftex.def)             Requested size: 389.99316pt x 370.52596pt.

Underfull \hbox (badness 10000) in paragraph at lines 1948--1949

 []

<images/chap3/sequence_sd04.png, id=428, 643.40375pt x 745.78625pt>
File: images/chap3/sequence_sd04.png Graphic file (type png)
<use images/chap3/sequence_sd04.png>
Package pdftex.def Info: images/chap3/sequence_sd04.png  used on input line 1954.
(pdftex.def)             Requested size: 390.0115pt x 452.07263pt.
[99 <./images/chap3/sequence_sd03.png>]
Underfull \hbox (badness 10000) in paragraph at lines 1961--1962

 []

<images/chap3/sequence_sd05.png, id=434, 601.24625pt x 675.52374pt>
File: images/chap3/sequence_sd05.png Graphic file (type png)
<use images/chap3/sequence_sd05.png>
Package pdftex.def Info: images/chap3/sequence_sd05.png  used on input line 1967.
(pdftex.def)             Requested size: 390.01643pt x 438.19878pt.
[100 <./images/chap3/sequence_sd04.png>]
Underfull \hbox (badness 10000) in paragraph at lines 1974--1975

 []

<images/chap3/sequence_sd06.png, id=439, 636.3775pt x 821.0675pt>
File: images/chap3/sequence_sd06.png Graphic file (type png)
<use images/chap3/sequence_sd06.png>
Package pdftex.def Info: images/chap3/sequence_sd06.png  used on input line 1980.
(pdftex.def)             Requested size: 389.99583pt x 503.18074pt.
[101 <./images/chap3/sequence_sd05.png>]
Underfull \hbox (badness 10000) in paragraph at lines 1987--1988

 []

[102 <./images/chap3/sequence_sd06.png>]
<images/chap3/sequence_sd07.png, id=449, 638.385pt x 1003.75pt>
File: images/chap3/sequence_sd07.png Graphic file (type png)
<use images/chap3/sequence_sd07.png>
Package pdftex.def Info: images/chap3/sequence_sd07.png  used on input line 1993.
(pdftex.def)             Requested size: 320.03917pt x 503.20627pt.
 [103]
Underfull \hbox (badness 10000) in paragraph at lines 2000--2001

 []

[104 <./images/chap3/sequence_sd07.png>]
<images/chap3/sequence_sd08.png, id=457, 736.7525pt x 1026.83624pt>
File: images/chap3/sequence_sd08.png Graphic file (type png)
<use images/chap3/sequence_sd08.png>
Package pdftex.def Info: images/chap3/sequence_sd08.png  used on input line 2006.
(pdftex.def)             Requested size: 361.04561pt x 503.20117pt.
 [105]
Underfull \hbox (badness 10000) in paragraph at lines 2013--2014

 []

[106 <./images/chap3/sequence_sd08.png>]
<images/chap3/sequence_sd09.png, id=465, 505.89pt x 773.89125pt>
File: images/chap3/sequence_sd09.png Graphic file (type png)
<use images/chap3/sequence_sd09.png>
Package pdftex.def Info: images/chap3/sequence_sd09.png  used on input line 2019.
(pdftex.def)             Requested size: 328.9481pt x 503.2123pt.
 [107]
Underfull \hbox (badness 10000) in paragraph at lines 2026--2027

 []

[108 <./images/chap3/sequence_sd09.png>]
<images/chap3/sequence_sd10.png, id=474, 458.71375pt x 773.89125pt>
File: images/chap3/sequence_sd10.png Graphic file (type png)
<use images/chap3/sequence_sd10.png>
Package pdftex.def Info: images/chap3/sequence_sd10.png  used on input line 2032.
(pdftex.def)             Requested size: 298.2724pt x 503.2123pt.
 [109] [110 <./images/chap3/sequence_sd10.png>]
Underfull \hbox (badness 10000) in paragraph at lines 2041--2042

 []

[111]
<./images/DB_Design.png, id=485, 756.8275pt x 1172.38pt>
File: ./images/DB_Design.png Graphic file (type png)
<use ./images/DB_Design.png>
Package pdftex.def Info: ./images/DB_Design.png  used on input line 2047.
(pdftex.def)             Requested size: 545.5159pt x 845.0432pt.


LaTeX Warning: Float too large for page by 137.61218pt on input line 2050.

[112 <./images/DB_Design.png>]
Underfull \hbox (badness 10000) in paragraph at lines 2053--2054

 []

LaTeX Font Info:    Font shape `T5/cmtt/bx/n' in size <12> not available
(Font)              Font shape `T5/cmtt/m/n' tried instead on input line 2058.

Overfull \hbox (22.81505pt too wide) in paragraph at lines 2059--2060
\T5/cmr/m/n/12 buÎc ph£i thuÎc mÎt lo§i ^^_˜Òc ^^_‡nh nghæa sÆn trong \T5/cmtt/m/n/12 workspace_categories
 []


Underfull \hbox (badness 10000) in paragraph at lines 2063--2064

 []


Overfull \hbox (14.21623pt too wide) in paragraph at lines 2065--2066
\T5/cmtt/m/n/12 workspaces $\OMS/cmsy/m/n/12 !$ \T5/cmtt/m/n/12 boards $\OMS/cmsy/m/n/12 !$ \T5/cmtt/m/n/12 lists $\OMS/cmsy/m/n/12 !$ \T5/cmtt/m/n/12 cards $\OMS/cmsy/m/n/12 !$ \T5/cmtt/m/n/12 checklists $\OMS/cmsy/m/n/12 !$ \T5/cmtt/m/n/12 checklist_items\T5/cmr/m/n/12 .
 []


Overfull \hbox (2.22775pt too wide) in paragraph at lines 2069--2070
[]\T5/cmtt/m/n/12 workspaces \T5/cmr/bx/n/12 -- \T5/cmtt/m/n/12 boards \T5/cmr/bx/n/12 (1--N): \T5/cmr/m/n/12 MÈi Board thuÎc v∑ ^^_Ûng mÎt Workspace
 []

[113


]
Underfull \hbox (badness 10000) in paragraph at lines 2084--2085

 []


Underfull \hbox (badness 10000) in paragraph at lines 2087--2088

 []


Underfull \hbox (badness 10000) in paragraph at lines 2091--2092

 []


Underfull \hbox (badness 10000) in paragraph at lines 2103--2103
[]|\T5/cmr/m/n/12 NOT NULL,
 []


Overfull \hbox (58.33853pt too wide) in paragraph at lines 2097--2106
 [][] 
 []

[114]
Underfull \hbox (badness 10000) in paragraph at lines 2115--2116

 []


Underfull \hbox (badness 10000) in paragraph at lines 2119--2120

 []


Overfull \hbox (58.33853pt too wide) in paragraph at lines 2125--2134
 [][] 
 []


Underfull \hbox (badness 10000) in paragraph at lines 2139--2140

 []


Underfull \hbox (badness 10000) in paragraph at lines 2143--2144

 []


Overfull \hbox (58.33853pt too wide) in paragraph at lines 2149--2158
 [][] 
 []

[115]
Underfull \hbox (badness 10000) in paragraph at lines 2167--2168

 []


Underfull \hbox (badness 10000) in paragraph at lines 2171--2172

 []


Underfull \hbox (badness 10000) in paragraph at lines 2183--2183
[]|\T5/cmr/m/n/12 NOT NULL,
 []


Underfull \hbox (badness 10000) in paragraph at lines 2183--2184
[]|\T5/cmr/m/n/12 M¢ ^^_‡nh danh t¯
 []


Underfull \hbox (badness 10000) in paragraph at lines 2187--2187
[]|\T5/cmr/m/n/12 NOT NULL,
 []


Underfull \hbox (badness 1590) in paragraph at lines 2189--2190
[]|\T5/cmr/m/n/12 ^^^˜Ìng d®n £nh ^^_§i
 []


Underfull \hbox (badness 1168) in paragraph at lines 2199--2199
[]|\T5/cmr/m/n/12 NOT NULL, DE-
 []


Underfull \hbox (badness 1168) in paragraph at lines 2201--2201
[]|\T5/cmr/m/n/12 NOT NULL, DE-
 []


Overfull \hbox (58.33853pt too wide) in paragraph at lines 2177--2204
 [][] 
 []


Underfull \hbox (badness 10000) in paragraph at lines 2209--2210

 []


Underfull \hbox (badness 10000) in paragraph at lines 2213--2214

 []


Overfull \hbox (12.14357pt too wide) in paragraph at lines 2229--2229
\T5/cmr/m/n/12 workspace_categories| 
 []


Underfull \hbox (badness 1168) in paragraph at lines 2235--2235
[]|\T5/cmr/m/n/12 NOT NULL, DE-
 []


Underfull \hbox (badness 1168) in paragraph at lines 2237--2237
[]|\T5/cmr/m/n/12 NOT NULL, DE-
 []


Overfull \hbox (58.33853pt too wide) in paragraph at lines 2219--2240
 [][] 
 []

[116]
Underfull \hbox (badness 10000) in paragraph at lines 2245--2246

 []


Underfull \hbox (badness 10000) in paragraph at lines 2249--2250

 []


Underfull \hbox (badness 10000) in paragraph at lines 2263--2264
[]|\T5/cmr/m/n/12 Workspace ch˘a
 []


Underfull \hbox (badness 10000) in paragraph at lines 2265--2266
[]|\T5/cmr/m/n/12 Vai tr· trong
 []


Underfull \hbox (badness 10000) in paragraph at lines 2267--2268
[]|\T5/cmr/m/n/12 Ng˜Ìi th∂m th†nh
 []


Underfull \hbox (badness 1168) in paragraph at lines 2269--2269
[]|\T5/cmr/m/n/12 NOT NULL, DE-
 []


Overfull \hbox (58.33853pt too wide) in paragraph at lines 2255--2272
 [][] 
 []

[117]
Underfull \hbox (badness 10000) in paragraph at lines 2281--2282

 []


Underfull \hbox (badness 10000) in paragraph at lines 2285--2286

 []


Overfull \hbox (1.07063pt too wide) in paragraph at lines 2299--2299
[]|\T5/cmtt/m/n/12 background_url| 
 []


Underfull \hbox (badness 6220) in paragraph at lines 2301--2301
\T5/cmr/m/n/12 workspaces, CAS-
 []


Underfull \hbox (badness 10000) in paragraph at lines 2301--2302
[]|\T5/cmr/m/n/12 Workspace ch˘a
 []


Underfull \hbox (badness 1168) in paragraph at lines 2307--2307
[]|\T5/cmr/m/n/12 NOT NULL, DE-
 []


Underfull \hbox (badness 1168) in paragraph at lines 2309--2309
[]|\T5/cmr/m/n/12 NOT NULL, DE-
 []


Overfull \hbox (58.33853pt too wide) in paragraph at lines 2291--2312
 [][] 
 []

[118]
Underfull \hbox (badness 10000) in paragraph at lines 2317--2318

 []


Underfull \hbox (badness 10000) in paragraph at lines 2321--2322

 []


Underfull \hbox (badness 10000) in paragraph at lines 2335--2336
[]|\T5/cmr/m/n/12 Board ch˘a th†nh
 []


Underfull \hbox (badness 10000) in paragraph at lines 2339--2340
[]|\T5/cmr/m/n/12 Ng˜Ìi th∂m th†nh
 []


Underfull \hbox (badness 1168) in paragraph at lines 2341--2341
[]|\T5/cmr/m/n/12 NOT NULL, DE-
 []


Overfull \hbox (58.33853pt too wide) in paragraph at lines 2327--2344
 [][] 
 []

[119]
Underfull \hbox (badness 10000) in paragraph at lines 2353--2354

 []


Underfull \hbox (badness 10000) in paragraph at lines 2357--2358

 []


Underfull \hbox (badness 1168) in paragraph at lines 2379--2379
[]|\T5/cmr/m/n/12 NOT NULL, DE-
 []


Underfull \hbox (badness 1168) in paragraph at lines 2381--2381
[]|\T5/cmr/m/n/12 NOT NULL, DE-
 []


Overfull \hbox (58.33853pt too wide) in paragraph at lines 2363--2384
 [][] 
 []

[120]
Underfull \hbox (badness 10000) in paragraph at lines 2393--2394

 []


Underfull \hbox (badness 10000) in paragraph at lines 2397--2398

 []


Underfull \hbox (badness 1248) in paragraph at lines 2415--2416
[]|\T5/cmr/m/n/12 Ng†y ^^_∏n h§n ho†n
 []


Underfull \hbox (badness 1168) in paragraph at lines 2417--2417
[]|\T5/cmr/m/n/12 NOT NULL, DE-
 []


Underfull \hbox (badness 10000) in paragraph at lines 2417--2418
[]|\T5/cmr/m/n/12 Tr§ng th°i ho†n
 []


Underfull \hbox (badness 1168) in paragraph at lines 2427--2427
[]|\T5/cmr/m/n/12 NOT NULL, DE-
 []


Underfull \hbox (badness 1168) in paragraph at lines 2429--2429
[]|\T5/cmr/m/n/12 NOT NULL, DE-
 []


Overfull \hbox (58.33853pt too wide) in paragraph at lines 2403--2432
 [][] 
 []

[121]
Underfull \hbox (badness 10000) in paragraph at lines 2437--2438

 []


Underfull \hbox (badness 10000) in paragraph at lines 2441--2442

 []


Underfull \hbox (badness 1168) in paragraph at lines 2459--2459
[]|\T5/cmr/m/n/12 NOT NULL, DE-
 []


Overfull \hbox (58.33853pt too wide) in paragraph at lines 2447--2462
 [][] 
 []

[122]
Underfull \hbox (badness 10000) in paragraph at lines 2471--2472

 []


Underfull \hbox (badness 10000) in paragraph at lines 2475--2476

 []


Underfull \hbox (badness 1168) in paragraph at lines 2497--2497
[]|\T5/cmr/m/n/12 NOT NULL, DE-
 []


Underfull \hbox (badness 1168) in paragraph at lines 2499--2499
[]|\T5/cmr/m/n/12 NOT NULL, DE-
 []


Overfull \hbox (58.33853pt too wide) in paragraph at lines 2481--2502
 [][] 
 []

[123]
Underfull \hbox (badness 10000) in paragraph at lines 2507--2508

 []


Underfull \hbox (badness 10000) in paragraph at lines 2511--2512

 []


Underfull \hbox (badness 1168) in paragraph at lines 2527--2527
[]|\T5/cmr/m/n/12 NOT NULL, DE-
 []


Underfull \hbox (badness 1983) in paragraph at lines 2529--2530
[]|\T5/cmr/m/n/12 ThÌi h§n ri∂ng cıa
 []


Underfull \hbox (badness 3635) in paragraph at lines 2531--2531
[]|\T5/cmr/m/n/12 NOT NULL, FK
 []


Underfull \hbox (badness 1817) in paragraph at lines 2531--2532
[]|\T5/cmr/m/n/12 Checklist ch˘a h§ng
 []


Underfull \hbox (badness 1168) in paragraph at lines 2537--2537
[]|\T5/cmr/m/n/12 NOT NULL, DE-
 []


Underfull \hbox (badness 1168) in paragraph at lines 2539--2539
[]|\T5/cmr/m/n/12 NOT NULL, DE-
 []


Overfull \hbox (58.33853pt too wide) in paragraph at lines 2517--2542
 [][] 
 []

[124] [125]
Overfull \hbox (1.07799pt too wide) in alignment at lines 2563--2567
 [] [] [] 
 []


Overfull \hbox (1.07799pt too wide) in alignment at lines 2567--2571
 [] [] [] 
 []


Overfull \hbox (1.07799pt too wide) in alignment at lines 2571--2573
 [] [] [] 
 []


Overfull \hbox (1.07799pt too wide) in alignment at lines 2573--2645
 [] [] [] 
 []


ignored: Infinite glue shrinkage found in box being split [126

]
Overfull \hbox (33.53854pt too wide) in paragraph at lines 2653--2672
 [][] 
 []


Overfull \hbox (17.48578pt too wide) in paragraph at lines 2684--2699
 [][] 
 []

[127]
Overfull \hbox (17.48578pt too wide) in paragraph at lines 2707--2720
 [][] 
 []


Overfull \hbox (17.48578pt too wide) in paragraph at lines 2728--2737
 [][] 
 []


Overfull \hbox (17.48578pt too wide) in paragraph at lines 2745--2756
 [][] 
 []

[128]
Overfull \hbox (17.48578pt too wide) in paragraph at lines 2764--2773
 [][] 
 []

<./images/chap4/screen-signup.png, id=541, 1914.15125pt x 913.4125pt>
File: ./images/chap4/screen-signup.png Graphic file (type png)
<use ./images/chap4/screen-signup.png>
Package pdftex.def Info: ./images/chap4/screen-signup.png  used on input line 2787.
(pdftex.def)             Requested size: 390.0pt x 186.09396pt.
[129]
<./images/chap4/screen-confirm-otp.png, id=545, 1906.12125pt x 908.39375pt>
File: ./images/chap4/screen-confirm-otp.png Graphic file (type png)
<use ./images/chap4/screen-confirm-otp.png>
Package pdftex.def Info: ./images/chap4/screen-confirm-otp.png  used on input line 2797.
(pdftex.def)             Requested size: 390.0pt x 185.86154pt.
<./images/chap4/screen-signin.png, id=546, 1916.15875pt x 910.40125pt>
File: ./images/chap4/screen-signin.png Graphic file (type png)
<use ./images/chap4/screen-signin.png>
Package pdftex.def Info: ./images/chap4/screen-signin.png  used on input line 2807.
(pdftex.def)             Requested size: 390.0pt x 185.28598pt.
 [130 <./images/chap4/screen-signup.png> <./images/chap4/screen-confirm-otp.png>]
<./images/chap4/screen-dashboard.png, id=552, 1916.15875pt x 909.3975pt>
File: ./images/chap4/screen-dashboard.png Graphic file (type png)
<use ./images/chap4/screen-dashboard.png>
Package pdftex.def Info: ./images/chap4/screen-dashboard.png  used on input line 2817.
(pdftex.def)             Requested size: 390.0pt x 185.0817pt.
<./images/chap4/screen-workspace-detail.png, id=553, 1915.155pt x 913.4125pt>
File: ./images/chap4/screen-workspace-detail.png Graphic file (type png)
<use ./images/chap4/screen-workspace-detail.png>
Package pdftex.def Info: ./images/chap4/screen-workspace-detail.png  used on input line 2827.
(pdftex.def)             Requested size: 390.0pt x 185.9964pt.
 [131 <./images/chap4/screen-signin.png> <./images/chap4/screen-dashboard.png>]
<./images/chap4/screen-board-kanban.png, id=559, 1917.1625pt x 907.39pt>
File: ./images/chap4/screen-board-kanban.png Graphic file (type png)
<use ./images/chap4/screen-board-kanban.png>
Package pdftex.def Info: ./images/chap4/screen-board-kanban.png  used on input line 2837.
(pdftex.def)             Requested size: 390.0pt x 184.5762pt.
<./images/chap4/feature-drag-drop.png, id=560, 1927.2pt x 1084.05pt>
File: ./images/chap4/feature-drag-drop.png Graphic file (type png)
<use ./images/chap4/feature-drag-drop.png>
Package pdftex.def Info: ./images/chap4/feature-drag-drop.png  used on input line 2849.
(pdftex.def)             Requested size: 390.0pt x 219.37006pt.
 [132 <./images/chap4/screen-workspace-detail.png> <./images/chap4/screen-board-kanban.png>]
<./images/chap4/feature-card-detail.png, id=567, 1656.1875pt x 902.37125pt>
File: ./images/chap4/feature-card-detail.png Graphic file (type png)
<use ./images/chap4/feature-card-detail.png>
Package pdftex.def Info: ./images/chap4/feature-card-detail.png  used on input line 2857.
(pdftex.def)             Requested size: 390.0pt x 212.48412pt.
 [133 <./images/chap4/feature-drag-drop.png> <./images/chap4/feature-card-detail.png>] [134] [135]
Overfull \hbox (24.82755pt too wide) in paragraph at lines 2890--2890
[]\T5/cmr/bx/n/17.28 CH◊ÃNG 5: KòT LUäN VÄ H◊ŒNG PHÅT
 []


Overfull \hbox (33.53854pt too wide) in paragraph at lines 2900--2921
 [][] 
 []

[136

]
Underfull \hbox (badness 4036) in paragraph at lines 2955--2955
[]|\T5/cmr/m/n/12 Qu£n l˛ nh¢n d°n
 []


Underfull \hbox (badness 4132) in paragraph at lines 2965--2965
[]|\T5/cmr/m/n/12 ^^^Áng bÎ thÌi gian
 []


Overfull \hbox (33.53856pt too wide) in paragraph at lines 2951--2968
 [][] 
 []

[137] [138] [139]) (./references.tex
Underfull \hbox (badness 10000) in paragraph at lines 4--5
[]\T5/cmr/m/n/12 Amazon Web Ser-vices. \T5/cmr/m/it/12 Ama-zon Cog-
 []


Underfull \hbox (badness 10000) in paragraph at lines 4--5
\T5/cmr/m/it/12 nito De-vel-oper Guide\T5/cmr/m/n/12 . 2024. Truy c™p t§i:
 []


Underfull \hbox (badness 10000) in paragraph at lines 4--5
\T5/cmtt/m/n/12 https://docs.aws.amazon.com/cognito/latest/developerguide\T5/cmr/m/n/12 .
 []


Underfull \hbox (badness 10000) in paragraph at lines 7--8
[]\T5/cmr/m/n/12 Amazon Web Ser-vices. \T5/cmr/m/it/12 Ama-zon EC2 User
 []


Underfull \hbox (badness 10000) in paragraph at lines 7--8
\T5/cmr/m/it/12 Guide for Linux In-stances\T5/cmr/m/n/12 . 2024. Truy c™p t§i:
 []


Underfull \hbox (badness 10000) in paragraph at lines 7--8
\T5/cmtt/m/n/12 https://docs.aws.amazon.com/AWSEC2/latest/UserGuide\T5/cmr/m/n/12 . Ng†y
 []


Underfull \hbox (badness 1715) in paragraph at lines 13--14
\T5/cmtt/m/n/12 https://docs.aws.amazon.com/AmazonS3/latest/userguide\T5/cmr/m/n/12 . Ng†y
 []


Underfull \hbox (badness 10000) in paragraph at lines 16--17
[]\T5/cmr/m/n/12 Amazon Web Ser-vices. \T5/cmr/m/it/12 Ama-zon Cloud-
 []


Underfull \hbox (badness 10000) in paragraph at lines 16--17
\T5/cmr/m/it/12 Front De-vel-oper Guide\T5/cmr/m/n/12 . 2024. Truy c™p t§i:
 []


Overfull \hbox (44.8618pt too wide) in paragraph at lines 16--17
\T5/cmtt/m/n/12 https://docs.aws.amazon.com/AmazonCloudFront/latest/DeveloperGuide\T5/cmr/m/n/12 .
 []


Underfull \hbox (badness 10000) in paragraph at lines 19--20
[]\T5/cmr/m/n/12 Amazon Web Ser-vices. \T5/cmr/m/it/12 User Guide for Ap-
 []


Underfull \hbox (badness 10000) in paragraph at lines 19--20
\T5/cmr/m/it/12 pli-ca-tion Load Bal-ancers\T5/cmr/m/n/12 . 2024. Truy c™p t§i:
 []


Overfull \hbox (51.0353pt too wide) in paragraph at lines 19--20
\T5/cmtt/m/n/12 https://docs.aws.amazon.com/elasticloadbalancing/latest/application\T5/cmr/m/n/12 .
 []


Underfull \hbox (badness 1668) in paragraph at lines 25--26
\T5/cmr/m/n/12 2024. Truy c™p t§i: \T5/cmtt/m/n/12 https://www.atlassian.com/software/jira\T5/cmr/m/n/12 .
 []

) (./appendix.tex [140

]
Overfull \hbox (95.16985pt too wide) in alignment at lines 12--17
 [] [] [] [] 
 []


Overfull \hbox (95.16985pt too wide) in alignment at lines 17--22
 [] [] [] [] 
 []


Overfull \hbox (95.16985pt too wide) in alignment at lines 22--25
 [] [] [] [] 
 []


Overfull \hbox (95.16985pt too wide) in alignment at lines 25--29
 [] [] [] [] 
 []


Underfull \hbox (badness 4013) in paragraph at lines 53--54
[]|\T5/cmr/m/n/12 Lßy danh s°ch board
 []


Underfull \hbox (badness 3826) in paragraph at lines 55--56
[]|\T5/cmr/m/n/12 Lßy danh s°ch th†nh
 []


Underfull \hbox (badness 10000) in paragraph at lines 58--59
[]|\T5/cmr/m/n/12 MÌi th†nh vi∂n v†o
 []


Underfull \hbox (badness 10000) in paragraph at lines 61--62
[]|\T5/cmr/m/n/12 T§o board trong
 []


Underfull \hbox (badness 2753) in paragraph at lines 70--71
[]|\T5/cmr/m/n/12 Th∂m th†nh vi∂n v†o
 []


Underfull \hbox (badness 3407) in paragraph at lines 72--73
[]|\T5/cmr/m/n/12 Tºm ki∏m th†nh vi∂n
 []


Underfull \hbox (badness 3333) in paragraph at lines 79--80
[]|\T5/cmr/m/n/12 X‚a list (cas-cade x‚a
 []


Underfull \hbox (badness 3690) in paragraph at lines 99--100
[]|\T5/cmr/m/n/12 X‚a check-list (cas-cade
 []


Underfull \hbox (badness 10000) in paragraph at lines 118--119
[]|\T5/cmr/m/n/12 Lßy 8 danh mˆc
 []


Underfull \hbox (badness 10000) in paragraph at lines 120--121
\T5/cmr/m/n/12 (AD-MIN, MEM-BER,
 []


Overfull \hbox (95.16985pt too wide) in alignment at lines 29--122
 [] [] [] [] 
 []


ignored: Infinite glue shrinkage found in box being split [141

] [142] [143

]
Underfull \hbox (badness 1946) in paragraph at lines 261--261
[]|\T5/cmr/m/n/12 FK $\OMS/cmsy/m/n/12 !$ \T5/cmr/m/n/12 workspaces(id) ON DELETE
 []


Underfull \hbox (badness 1259) in paragraph at lines 261--261
[]|\T5/cmr/m/n/12 FK $\OMS/cmsy/m/n/12 !$ \T5/cmr/m/n/12 roles(id) ON DELETE CAS-
 []


Underfull \hbox (badness 1762) in paragraph at lines 261--261
[]|\T5/cmr/m/n/12 FK $\OMS/cmsy/m/n/12 !$ \T5/cmr/m/n/12 users(id) ON DELETE SET
 []

[144]
Underfull \hbox (badness 10000) in paragraph at lines 288--288
[]|\T5/cmr/m/n/12 FK $\OMS/cmsy/m/n/12 !$ \T5/cmr/m/n/12 workspaces(id) \T5/cmr/bx/n/12 ON
 []

[145]
Underfull \hbox (badness 4660) in paragraph at lines 340--340
[]|\T5/cmr/m/n/12 FK $\OMS/cmsy/m/n/12 !$ \T5/cmr/m/n/12 boards(id) \T5/cmr/bx/n/12 ON DELETE
 []

[146] [147] [148] [149

] [150] [151]) (./main.aux)
 ***********
LaTeX2e <2025-11-01>
L3 programming layer <2026-01-19>
 ***********
 ) 
Here is how much of TeX's memory you used:
 3737 strings out of 467525
 67870 string characters out of 5418982
 497650 words of memory out of 5000000
 32598 multiletter control sequences out of 15000+600000
 638768 words of font info for 59 fonts, out of 8000000 for 9000
 1141 hyphenation exceptions out of 8191
 57i,12n,83p,1061b,332s stack positions out of 10000i,1000n,20000p,200000b,200000s
</usr/local/texlive/2026/texmf-dist/fonts/type1/public/amsfonts/cm/cmsy10.pfb></usr/local/texlive/2026/texmf-dist/fonts/type1/public/cm-super/sfrm1200.pfb></usr/local/texlive/2026/texmf-dist/fonts/type1/vntex/vnr/vnbx12.pfb></usr/local/texlive/2026/texmf-dist/fonts/type1/vntex/vnr/vnr12.pfb></usr/local/texlive/2026/texmf-dist/fonts/type1/vntex/vnr/vnti12.pfb></usr/local/texlive/2026/texmf-dist/fonts/type1/vntex/vnr/vntt12.pfb>
Output written on main.pdf (152 pages, 19160506 bytes).
PDF statistics:
 665 PDF objects out of 1000 (max. 8388607)
 357 compressed objects within 4 object streams
 0 named destinations out of 1000 (max. 500000)
 361 words of extra memory for PDF output out of 10000 (max. 10000000)

